[preview10.mobitren.com/index.html]
[backblue.gif]
[fade.gif]
[index.html]
[preview10.mobitren.com/css2.264a4.delayed]
[preview10.mobitren.com/_manifest.json]
[preview10.mobitren.com/app/icons/icon-192x192.png]
[preview10.mobitren.com/index-pages.html]
[preview10.mobitren.com/index-components.html]
[preview10.mobitren.com/index-projects.html]
[preview10.mobitren.com/app/icons/icon-128x128.png]
[preview10.mobitren.com/images/pictures/9gt.jpg]
[preview10.mobitren.com/images/pictures/7gt.jpg]
[preview10.mobitren.com/images/pictures/10gt.jpg]
[preview10.mobitren.com/index-homepages.html]
[preview10.mobitren.com/index-menus.html]
[preview10.mobitren.com/page-contact.html]
[preview10.mobitren.com/page-settings.html]
[preview10.mobitren.com/scripts/jquery.js]
[preview10.mobitren.com/scripts/bootstrap.min.js]
[preview10.mobitren.com/scripts/custom.js]
[preview10.mobitren.com/index.html]
[preview10.mobitren.com/images/preload-logo.png]
[preview10.mobitren.com/styles/images/mountain.jpg]
[preview10.mobitren.com/images/pictures/0l.jpg]
[preview10.mobitren.com/images/pictures/1.jpg]
[preview10.mobitren.com/images/pictures/2.jpg]
[preview10.mobitren.com/images/pictures/3.jpg]
[preview10.mobitren.com/images/pictures/4.jpg]
[preview10.mobitren.com/images/pictures/5.jpg]
[preview10.mobitren.com/images/pictures/6.jpg]
[preview10.mobitren.com/images/pictures/7.jpg]
[preview10.mobitren.com/images/pictures/8.jpg]
[preview10.mobitren.com/images/pictures/9.jpg]
[preview10.mobitren.com/images/pictures/10.jpg]
[preview10.mobitren.com/images/pictures/11.jpg]
[preview10.mobitren.com/images/pictures/12.jpg]
[preview10.mobitren.com/images/pictures/13.jpg]
[preview10.mobitren.com/images/pictures/14.jpg]
[preview10.mobitren.com/images/pictures/15.jpg]
[preview10.mobitren.com/images/pictures/16.jpg]
[preview10.mobitren.com/images/pictures/17.jpg]
[preview10.mobitren.com/images/pictures/18.jpg]
[preview10.mobitren.com/images/pictures/19.jpg]
[preview10.mobitren.com/images/pictures/20.jpg]
[preview10.mobitren.com/images/pictures/21.jpg]
[preview10.mobitren.com/images/pictures/22.jpg]
[preview10.mobitren.com/images/pictures/23.jpg]
[preview10.mobitren.com/images/pictures/24.jpg]
[preview10.mobitren.com/images/pictures/25.jpg]
[preview10.mobitren.com/images/pictures/26.jpg]
[preview10.mobitren.com/images/pictures/27.jpg]
[preview10.mobitren.com/images/pictures/28.jpg]
[preview10.mobitren.com/images/pictures/29.jpg]
[preview10.mobitren.com/images/pictures/30.jpg]
[preview10.mobitren.com/images/pictures/31.jpg]
[preview10.mobitren.com/images/pictures/32.jpg]
[preview10.mobitren.com/images/pictures/33.jpg]
[preview10.mobitren.com/images/pictures/34.jpg]
[preview10.mobitren.com/images/pictures/35.jpg]
[preview10.mobitren.com/images/pictures/36.jpg]
[preview10.mobitren.com/images/pictures/37.jpg]
[preview10.mobitren.com/images/pictures/38.jpg]
[preview10.mobitren.com/images/pictures/39.jpg]
[preview10.mobitren.com/images/pictures/40.jpg]
[preview10.mobitren.com/images/pictures/41.jpg]
[preview10.mobitren.com/images/loading.gif]
[preview10.mobitren.com/styles/bootstrap.css]
[preview10.mobitren.com/css264a4.html]
[preview10.mobitren.com/fonts/webfonts/fa-brands-400.eot]
[preview10.mobitren.com/fonts/webfonts/fa-brands-400-1.eot]
[preview10.mobitren.com/fonts/webfonts/fa-brands-400.woff2]
[preview10.mobitren.com/fonts/webfonts/fa-brands-400.woff]
[preview10.mobitren.com/fonts/webfonts/fa-brands-400.ttf]
[preview10.mobitren.com/fonts/webfonts/fa-regular-400.eot]
[preview10.mobitren.com/fonts/webfonts/fa-regular-400-1.eot]
[preview10.mobitren.com/fonts/webfonts/fa-regular-400.woff2]
[preview10.mobitren.com/fonts/webfonts/fa-regular-400.woff]
[preview10.mobitren.com/fonts/webfonts/fa-regular-400.ttf]
[preview10.mobitren.com/fonts/webfonts/fa-solid-900.eot]
[preview10.mobitren.com/fonts/webfonts/fa-solid-900-1.eot]
[preview10.mobitren.com/fonts/webfonts/fa-solid-900.woff2]
[preview10.mobitren.com/fonts/webfonts/fa-solid-900.woff]
[preview10.mobitren.com/fonts/webfonts/fa-solid-900.ttf]
[preview10.mobitren.com/fonts/css/fontawesome-all.min.css]
[preview10.mobitren.com/page-about.html]
[preview10.mobitren.com/page-calendar.html]
[preview10.mobitren.com/page-careers.html]
[preview10.mobitren.com/page-chat.html]
[preview10.mobitren.com/page-cover.html]
[preview10.mobitren.com/page-error-1.html]
[preview10.mobitren.com/page-error-2.html]
[preview10.mobitren.com/page-faq.html]
[preview10.mobitren.com/page-full-map.html]
[preview10.mobitren.com/page-goals.html]
[preview10.mobitren.com/page-instant-articles.html]
[preview10.mobitren.com/page-maintenance-1.html]
[preview10.mobitren.com/page-maintenance-2.html]
[preview10.mobitren.com/page-menu.html]
[preview10.mobitren.com/page-pricing-tables.html]
[preview10.mobitren.com/page-profile-admin.html]
[preview10.mobitren.com/page-profile-classic.html]
[preview10.mobitren.com/page-profile-instagram.html]
[preview10.mobitren.com/page-projects.html]
[preview10.mobitren.com/page-search.html]
[preview10.mobitren.com/page-soon-1.html]
[preview10.mobitren.com/page-soon-2.html]
[preview10.mobitren.com/page-subscriptions.html]
[preview10.mobitren.com/page-status.html]
[preview10.mobitren.com/page-tasks.html]
[preview10.mobitren.com/page-team.html]
[preview10.mobitren.com/page-timeline-left.html]
[preview10.mobitren.com/page-timeline-center.html]
[preview10.mobitren.com/page-vcard.html]
[preview10.mobitren.com/page-wallet.html]
[preview10.mobitren.com/page-login-1.html]
[preview10.mobitren.com/page-login-2.html]
[preview10.mobitren.com/page-login-3.html]
[preview10.mobitren.com/page-register-1.html]
[preview10.mobitren.com/page-register-2.html]
[preview10.mobitren.com/page-register-3.html]
[preview10.mobitren.com/page-forgot-1.html]
[preview10.mobitren.com/page-forgot-2.html]
[preview10.mobitren.com/menu-footer.html]
[preview10.mobitren.com/index-pages.html]
[preview10.mobitren.com/component-headers.html]
[preview10.mobitren.com/component-footers.html]
[preview10.mobitren.com/component-page-titles.html]
[preview10.mobitren.com/component-add-to-home.html]
[preview10.mobitren.com/component-action-sheets.html]
[preview10.mobitren.com/component-action-modals.html]
[preview10.mobitren.com/component-notifications-alerts.html]
[preview10.mobitren.com/component-notifications-mobile.html]
[preview10.mobitren.com/component-snackbars.html]
[preview10.mobitren.com/component-advertisements.html]
[preview10.mobitren.com/component-toasts.html]
[preview10.mobitren.com/component-accordions.html]
[preview10.mobitren.com/component-buttons.html]
[preview10.mobitren.com/component-back-to-top.html]
[preview10.mobitren.com/component-collapse.html]
[preview10.mobitren.com/component-auto-dark.html]
[preview10.mobitren.com/component-embeds.html]
[preview10.mobitren.com/component-embedly.html]
[preview10.mobitren.com/component-emoji.html]
[preview10.mobitren.com/component-facebook-comments.html]
[preview10.mobitren.com/component-disqus-comments.html]
[preview10.mobitren.com/component-inputs.html]
[preview10.mobitren.com/component-file-upload.html]
[preview10.mobitren.com/component-icons.html]
[preview10.mobitren.com/component-lightbox.html]
[preview10.mobitren.com/component-geo-location.html]
[preview10.mobitren.com/component-carousels.html]
[preview10.mobitren.com/component-socials.html]
[preview10.mobitren.com/component-sharing.html]
[preview10.mobitren.com/component-search.html]
[preview10.mobitren.com/component-tabs.html]
[preview10.mobitren.com/component-text-sizer.html]
[preview10.mobitren.com/component-toggles.html]
[preview10.mobitren.com/component-charts.html]
[preview10.mobitren.com/component-chips.html]
[preview10.mobitren.com/component-card-images.html]
[preview10.mobitren.com/component-columns.html]
[preview10.mobitren.com/component-colors.html]
[preview10.mobitren.com/component-dividers.html]
[preview10.mobitren.com/component-graphs.html]
[preview10.mobitren.com/component-google-fonts.html]
[preview10.mobitren.com/component-icon-font.html]
[preview10.mobitren.com/component-list-groups.html]
[preview10.mobitren.com/component-quotes.html]
[preview10.mobitren.com/component-pagination.html]
[preview10.mobitren.com/component-preloaders.html]
[preview10.mobitren.com/component-progress-bars.html]
[preview10.mobitren.com/component-pricing.html]
[preview10.mobitren.com/component-reviews.html]
[preview10.mobitren.com/component-reading-time.html]
[preview10.mobitren.com/component-tables.html]
[preview10.mobitren.com/component-typography.html]
[preview10.mobitren.com/component-os-detection.html]
[preview10.mobitren.com/component-offline-detection.html]
[preview10.mobitren.com/component-vibrate.html]
[preview10.mobitren.com/index-components.html]
[preview10.mobitren.com/media-gallery-square.html]
[preview10.mobitren.com/media-gallery-round.html]
[preview10.mobitren.com/media-gallery-filter-links.html]
[preview10.mobitren.com/media-gallery-filter-select.html]
[preview10.mobitren.com/media-gallery-switch.html]
[preview10.mobitren.com/media-gallery-wide.html]
[preview10.mobitren.com/media-portfolio-one-v1.html]
[preview10.mobitren.com/media-portfolio-one-v2.html]
[preview10.mobitren.com/media-portfolio-one-v3.html]
[preview10.mobitren.com/media-portfolio-two-v1.html]
[preview10.mobitren.com/media-portfolio-two-v2.html]
[preview10.mobitren.com/media-portfolio-instant.html]
[preview10.mobitren.com/media-portfolio-selected.html]
[preview10.mobitren.com/index-projects.html]
[preview10.mobitren.com/index-2.html]
[preview10.mobitren.com/index-3.html]
[preview10.mobitren.com/index-landing-1.html]
[preview10.mobitren.com/index-landing-2.html]
[preview10.mobitren.com/index-landing-3.html]
[preview10.mobitren.com/page-splash-1.html]
[preview10.mobitren.com/page-splash-2.html]
[preview10.mobitren.com/page-splash-3.html]
[preview10.mobitren.com/page-splash-4.html]
[preview10.mobitren.com/page-splash-5.html]
[preview10.mobitren.com/page-walk-1.html]
[preview10.mobitren.com/page-walk-2.html]
[preview10.mobitren.com/page-walk-3.html]
[preview10.mobitren.com/page-walk-4.html]
[preview10.mobitren.com/page-walk-5.html]
[preview10.mobitren.com/chrome-extension_/jaoafpkngncfpfggjefnekilbkcpjdgp/img/128.png]
[preview10.mobitren.com/index-homepages.html]
[preview10.mobitren.com/images/bg-menu.jpg]
[preview10.mobitren.com/index-menus.html]
[preview10.mobitren.com/maps/embed1d0a.html]
[preview10.mobitren.com/enabled.labs/index.htm]
[preview10.mobitren.com/iEnabled.html]
[preview10.mobitren.com/page-contact.html]
[preview10.mobitren.com/styles/highlights/highlight-blue.css]
[preview10.mobitren.com/styles/highlights/highlight-brown.css]
[preview10.mobitren.com/styles/highlights/highlight-green.css]
[preview10.mobitren.com/styles/highlights/highlight-magenta.css]
[preview10.mobitren.com/styles/highlights/highlight-orange.css]
[preview10.mobitren.com/styles/highlights/highlight-red.css]
[preview10.mobitren.com/styles/highlights/highlight-teal.css]
[preview10.mobitren.com/styles/highlights/highlight-yellow.css]
[preview10.mobitren.com/page-settings.html]
[preview10.mobitren.com/styles/images/mountain.html]
[preview10.mobitren.com/fonts/webfonts/fa-brands-400.svg]
[preview10.mobitren.com/fonts/webfonts/fa-regular-400.svg]
[preview10.mobitren.com/fonts/webfonts/fa-solid-900.svg]
[preview10.mobitren.com/page-about.html]
[preview10.mobitren.com/page-calendar.html]
[preview10.mobitren.com/page-careers.html]
[preview10.mobitren.com/images/empty.png]
[preview10.mobitren.com/embed/c9MnSeYYtYY.html]
[preview10.mobitren.com/page-chat.html]
[preview10.mobitren.com/images/pictures/25t.jpg]
[preview10.mobitren.com/page-cover.html]
[preview10.mobitren.com/page-error-1.html]
[preview10.mobitren.com/page-error-2.html]
[preview10.mobitren.com/page-faq.html]
[preview10.mobitren.com/page-full-map.html]
[preview10.mobitren.com/page-goals.html]
[preview10.mobitren.com/images/pictures/27t.jpg]
[preview10.mobitren.com/images/pictures/22t.jpg]
[preview10.mobitren.com/images/pictures/23t.jpg]
[preview10.mobitren.com/images/pictures/1t.jpg]
[preview10.mobitren.com/images/pictures/2t.jpg]
[preview10.mobitren.com/images/pictures/3t.jpg]
[preview10.mobitren.com/page-instant-articles.html]
[preview10.mobitren.com/page-maintenance-1.html]
[preview10.mobitren.com/page-maintenance-2.html]
[preview10.mobitren.com/page-menu.html]
[preview10.mobitren.com/page-pricing-tables.html]
[preview10.mobitren.com/page-profile-admin.html]
[preview10.mobitren.com/images/pictures/6s.jpg]
[preview10.mobitren.com/images/pictures/10t.jpg]
[preview10.mobitren.com/images/pictures/11t.jpg]
[preview10.mobitren.com/images/pictures/28t.jpg]
[preview10.mobitren.com/images/pictures/18t.jpg]
[preview10.mobitren.com/images/pictures/14t.jpg]
[preview10.mobitren.com/images/pictures/15t.jpg]
[preview10.mobitren.com/page-profile-classic.html]
[preview10.mobitren.com/images/pictures/1s.jpg]
[preview10.mobitren.com/images/pictures/31s.jpg]
[preview10.mobitren.com/images/pictures/25s.jpg]
[preview10.mobitren.com/images/pictures/22s.jpg]
[preview10.mobitren.com/images/pictures/16s.jpg]
[preview10.mobitren.com/images/pictures/12s.jpg]
[preview10.mobitren.com/images/pictures/1l.jpg]
[preview10.mobitren.com/images/pictures/2l.jpg]
[preview10.mobitren.com/images/pictures/3l.jpg]
[preview10.mobitren.com/images/pictures/4l.jpg]
[preview10.mobitren.com/images/pictures/4t.jpg]
[preview10.mobitren.com/images/pictures/5l.jpg]
[preview10.mobitren.com/images/pictures/5t.jpg]
[preview10.mobitren.com/images/pictures/6l.jpg]
[preview10.mobitren.com/images/pictures/6t.jpg]
[preview10.mobitren.com/images/pictures/19l.jpg]
[preview10.mobitren.com/images/pictures/19t.jpg]
[preview10.mobitren.com/images/pictures/25l.jpg]
[preview10.mobitren.com/images/pictures/23l.jpg]
[preview10.mobitren.com/page-profile-instagram.html]
[preview10.mobitren.com/page-projects.html]
[preview10.mobitren.com/page-search.html]
[preview10.mobitren.com/page-soon-1.html]
[preview10.mobitren.com/page-soon-2.html]
[preview10.mobitren.com/page-subscriptions.html]
[preview10.mobitren.com/page-status.html]
[preview10.mobitren.com/page-tasks.html]
[preview10.mobitren.com/images/pictures/10s.jpg]
[preview10.mobitren.com/images/pictures/7s.jpg]
[preview10.mobitren.com/images/pictures/9s.jpg]
[preview10.mobitren.com/page-team.html]
[preview10.mobitren.com/images/pictures/1w.jpg]
[preview10.mobitren.com/page-timeline-left.html]
[preview10.mobitren.com/page-timeline-center.html]
[preview10.mobitren.com/images/pictures/14w.jpg]
[preview10.mobitren.com/www.enableds.com]
[preview10.mobitren.com/page-vcard.html]
[preview10.mobitren.com/images/pictures/18w.jpg]
[preview10.mobitren.com/page-wallet.html]
[preview10.mobitren.com/page-login-1.html]
[preview10.mobitren.com/page-login-2.html]
[preview10.mobitren.com/page-login-3.html]
[preview10.mobitren.com/page-register-1.html]
[preview10.mobitren.com/page-register-2.html]
[preview10.mobitren.com/page-register-3.html]
[preview10.mobitren.com/page-forgot-1.html]
[preview10.mobitren.com/page-forgot-2.html]
[preview10.mobitren.com/menu-footer.html]
[preview10.mobitren.com/component-headers.html]
[preview10.mobitren.com/component-footers.html]
[preview10.mobitren.com/component-page-titles.html]
[preview10.mobitren.com/component-add-to-home.html]
[preview10.mobitren.com/images/flags/United-States.png]
[preview10.mobitren.com/images/flags/India.png]
[preview10.mobitren.com/images/flags/Germany.png]
[preview10.mobitren.com/images/flags/Italy.png]
[preview10.mobitren.com/images/flags/Spain.png]
[preview10.mobitren.com/component-action-sheets.html]
[preview10.mobitren.com/component-action-modals.html]
[preview10.mobitren.com/component-notifications-alerts.html]
[preview10.mobitren.com/images/pictures/0t.jpg]
[preview10.mobitren.com/component-notifications-mobile.html]
[preview10.mobitren.com/component-snackbars.html]
[preview10.mobitren.com/images/ad.png]
[preview10.mobitren.com/images/pictures/18s.jpg]
[preview10.mobitren.com/component-advertisements.html]
[preview10.mobitren.com/component-toasts.html]
[preview10.mobitren.com/component-accordions.html]
[preview10.mobitren.com/component-buttons.html]
[preview10.mobitren.com/component-back-to-top.html]
[preview10.mobitren.com/component-collapse.html]
[preview10.mobitren.com/images/pictures/3w.jpg]
[preview10.mobitren.com/component-auto-dark.html]
[preview10.mobitren.com/player/indexab4a.htm]
[preview10.mobitren.com/component-embeds.html]
[preview10.mobitren.com/item/sticky-mobile-mobile-template/23229237.html]
[preview10.mobitren.com/enabled.labs/photos/a.457879680893757/2816086388406396/indexe18d.htm]
[preview10.mobitren.com/iEnabled/status/1155768091076419587.html]
[preview10.mobitren.com/us/app/eden-envato-sales-tracker/id1336038164.html]
[preview10.mobitren.com/store/apps/detailsa653.html]
[preview10.mobitren.com/watche3a6.html]
[preview10.mobitren.com/envato/audiojungle-watermark.html]
[preview10.mobitren.com/widgets/platform.js]
[preview10.mobitren.com/component-embedly.html]
[preview10.mobitren.com/component-emoji.html]
[preview10.mobitren.com/en_US/sdk.js]
[preview10.mobitren.com/component-facebook-comments.html]
[preview10.mobitren.com/component-disqus-comments.html]
[preview10.mobitren.com/component-inputs.html]
[preview10.mobitren.com/component-file-upload.html]
[preview10.mobitren.com/component-icons.html]
[enableds-1.disqus.com/embed.js]
[preview10.mobitren.com/images/pictures/5s.jpg]
[preview10.mobitren.com/images/pictures/8s.jpg]
[preview10.mobitren.com/component-lightbox.html]
[preview10.mobitren.com/component-geo-location.html]
[preview10.mobitren.com/component-carousels.html]
[preview10.mobitren.com/component-socials.html]
[preview10.mobitren.com/component-sharing.html]
[preview10.mobitren.com/component-search.html]
[preview10.mobitren.com/images/pictures/13w.jpg]
[preview10.mobitren.com/images/pictures/28w.jpg]
[preview10.mobitren.com/component-tabs.html]
[preview10.mobitren.com/component-text-sizer.html]
[preview10.mobitren.com/component-toggles.html]
[preview10.mobitren.com/component-charts.html]
[preview10.mobitren.com/images/pictures/9t.jpg]
[preview10.mobitren.com/component-chips.html]
[preview10.mobitren.com/component-card-images.html]
[preview10.mobitren.com/images/pictures/3s.jpg]
[preview10.mobitren.com/component-columns.html]
[preview10.mobitren.com/component-colors.html]
[preview10.mobitren.com/component-dividers.html]
[preview10.mobitren.com/component-graphs.html]
[preview10.mobitren.com/component-google-fonts.html]
[preview10.mobitren.com/component-icon-font.html]
[preview10.mobitren.com/component-list-groups.html]
[preview10.mobitren.com/component-quotes.html]
[preview10.mobitren.com/component-pagination.html]
[preview10.mobitren.com/component-preloaders.html]
[preview10.mobitren.com/component-progress-bars.html]
[preview10.mobitren.com/component-pricing.html]
[preview10.mobitren.com/images/pictures/faces/1s.png]
[preview10.mobitren.com/images/pictures/faces/4s.png]
[preview10.mobitren.com/component-reviews.html]
[preview10.mobitren.com/component-reading-time.html]
[preview10.mobitren.com/component-tables.html]
[preview10.mobitren.com/component-typography.html]
[preview10.mobitren.com/component-os-detection.html]
[preview10.mobitren.com/component-offline-detection.html]
[preview10.mobitren.com/component-vibrate.html]
[preview10.mobitren.com/images/pictures/8t.jpg]
[preview10.mobitren.com/images/pictures/21t.jpg]
[preview10.mobitren.com/images/pictures/26t.jpg]
[preview10.mobitren.com/images/pictures/35t.jpg]
[preview10.mobitren.com/media-gallery-square.html]
[preview10.mobitren.com/media-gallery-round.html]
[preview10.mobitren.com/images/pictures/33t.jpg]
[preview10.mobitren.com/images/pictures/16t.jpg]
[preview10.mobitren.com/images/pictures/29t.jpg]
[preview10.mobitren.com/images/pictures/24t.jpg]
[preview10.mobitren.com/images/pictures/32t.jpg]
[preview10.mobitren.com/images/pictures/17t.jpg]
[preview10.mobitren.com/media-gallery-filter-links.html]
[preview10.mobitren.com/media-gallery-filter-select.html]
[preview10.mobitren.com/media-gallery-switch.html]
[preview10.mobitren.com/media-gallery-wide.html]
[preview10.mobitren.com/media-portfolio-one-v1.html]
[preview10.mobitren.com/media-portfolio-one-v2.html]
[preview10.mobitren.com/media-portfolio-one-v3.html]
[preview10.mobitren.com/media-portfolio-two-v1.html]
[preview10.mobitren.com/media-portfolio-two-v2.html]
[preview10.mobitren.com/media-portfolio-instant.html]
[preview10.mobitren.com/media-portfolio-selected.html]
[preview10.mobitren.com/index-2.html]
[preview10.mobitren.com/index-3.html]
[preview10.mobitren.com/index-landing-1.html]
[preview10.mobitren.com/index-landing-2.html]
[preview10.mobitren.com/index-landing-3.html]
[preview10.mobitren.com/page-splash-1.html]
[preview10.mobitren.com/page-splash-2.html]
[preview10.mobitren.com/page-splash-3.html]
[preview10.mobitren.com/page-splash-4.html]
[preview10.mobitren.com/page-splash-5.html]
[preview10.mobitren.com/page-walk-1.html]
[preview10.mobitren.com/page-walk-2.html]
[preview10.mobitren.com/page-walk-3.html]
[preview10.mobitren.com/page-walk-4.html]
[preview10.mobitren.com/page-walk-5.html]
[preview10.mobitren.com/chrome-extension_/jaoafpkngncfpfggjefnekilbkcpjdgp/img/128.html]
[preview10.mobitren.com/images/bg-menu.html]
[preview10.mobitren.com/maps/embed1d0a.html]
[preview10.mobitren.com/enabled.labs/index.html]
[preview10.mobitren.com/iEnabled.html]
[preview10.mobitren.com/styles/highlights/highlight-blue.html]
[preview10.mobitren.com/styles/highlights/highlight-brown.html]
[preview10.mobitren.com/styles/highlights/highlight-green.html]
[preview10.mobitren.com/styles/highlights/highlight-magenta.html]
[preview10.mobitren.com/styles/highlights/highlight-orange.html]
[preview10.mobitren.com/styles/highlights/highlight-red.html]
[preview10.mobitren.com/styles/highlights/highlight-teal.html]
[preview10.mobitren.com/styles/highlights/highlight-yellow.html]
[preview10.mobitren.com/embed/c9MnSeYYtYY.html]
[preview10.mobitren.com/images/pictures/14w.html]
[preview10.mobitren.com/www.enableds.html]
[preview10.mobitren.com/images/pictures/18w.html]
[preview10.mobitren.com/player/indexab4a.html]
[preview10.mobitren.com/item/sticky-mobile-mobile-template/23229237.html]
[preview10.mobitren.com/enabled.labs/photos/a.457879680893757/2816086388406396/indexe18d.html]
[preview10.mobitren.com/iEnabled/status/1155768091076419587.html]
[preview10.mobitren.com/us/app/eden-envato-sales-tracker/id1336038164.html]
[preview10.mobitren.com/store/apps/detailsa653.html]
[preview10.mobitren.com/watche3a6.html]
[preview10.mobitren.com/envato/audiojungle-watermark.html]
[preview10.mobitren.com/widgets/platform.html]
[preview10.mobitren.com/en_US/sdk.html]
[preview10.mobitren.com/images/undraw/1.svg]
